// Jest Snapshot v1, https://goo.gl/fbAQLP

exports[`renders without crashing with minimum props Dark snapshot 1`] = `
<View
  accessible={true}
  isTVSelectable={true}
  onResponderGrant={[Function]}
  onResponderMove={[Function]}
  onResponderRelease={[Function]}
  onResponderTerminate={[Function]}
  onResponderTerminationRequest={[Function]}
  onStartShouldSetResponder={[Function]}
  style={null}
>
  <View
    avatar={true}
    button={true}
    style={
      Object {
        "alignItems": "center",
        "backgroundColor": "transparent",
        "borderBottomWidth": null,
        "borderColor": "#c9c9c9",
        "flexDirection": "row",
        "marginLeft": 16,
        "paddingBottom": null,
        "paddingRight": null,
        "paddingTop": null,
      }
    }
  >
    <View
      style={
        Object {
          "alignItems": "flex-start",
          "alignSelf": "flex-start",
          "flex": 0,
          "flexDirection": "row",
          "paddingTop": 14,
        }
      }
    >
      <Image
        source={
          Object {
            "uri": "",
          }
        }
        style={
          Object {
            "borderRadius": 28,
            "height": 56,
            "width": 56,
          }
        }
      />
    </View>
    <View
      style={
        Array [
          Object {
            "alignItems": null,
            "alignSelf": null,
            "borderBottomWidth": 0.5,
            "borderColor": "#c9c9c9",
            "flex": 1,
            "marginLeft": 15,
            "paddingBottom": 10,
            "paddingTop": 10,
          },
          Object {
            "alignItems": "flex-start",
          },
        ]
      }
    >
      <Text
        style={
          Array [
            Object {
              "color": "#000",
              "fontFamily": "System",
              "fontSize": 16,
              "marginLeft": null,
              "marginRight": 10,
            },
            Object {
              "color": "#FAFAFA",
              "fontFamily": "BYekan+",
            },
          ]
        }
        uppercase={false}
      >
        
      </Text>
      <View
        style={
          Object {
            "flexDirection": "row",
          }
        }
      >
        <Text
          allowFontScaling={false}
          style={
            Array [
              Object {
                "color": "green",
                "fontSize": 28,
              },
              Object {
                "marginBottom": -3,
              },
              Object {
                "fontFamily": "Material Icons",
                "fontStyle": "normal",
                "fontWeight": "normal",
              },
            ]
          }
        >
          ?
        </Text>
        <Text
          note={true}
          style={
            Array [
              Object {
                "color": "#808080",
                "fontFamily": "System",
                "fontSize": 14,
                "fontWeight": "200",
                "marginLeft": null,
                "marginRight": 10,
              },
              Object {
                "color": "#EEEEEE",
                "fontFamily": "BYekan+",
              },
            ]
          }
          uppercase={false}
        >
          Successful
        </Text>
      </View>
    </View>
    <View
      style={
        Object {
          "alignItems": "flex-end",
          "alignSelf": "stretch",
          "borderBottomWidth": 0.5,
          "borderColor": "#c9c9c9",
          "flex": 0,
          "paddingBottom": 10,
          "paddingLeft": null,
          "paddingRight": 15,
          "paddingTop": 10,
        }
      }
    >
      <Text
        note={true}
        style={
          Array [
            Object {
              "alignSelf": null,
              "color": "#808080",
              "fontFamily": "System",
              "fontSize": 12,
              "fontWeight": "200",
            },
            Object {
              "color": "#E0E0E0",
              "fontFamily": "BYekan+",
            },
          ]
        }
        uppercase={false}
      >
        
      </Text>
    </View>
  </View>
</View>
`;
