// Jest Snapshot v1, https://goo.gl/fbAQLP

exports[`should render <Bubble /> and compare with snapshot 1`] = `
<View
  style={
    Array [
      Object {
        "alignItems": "flex-start",
        "flex": 1,
      },
      undefined,
    ]
  }
>
  <View
    style={
      Array [
        Object {
          "backgroundColor": "#f0f0f0",
          "borderRadius": 15,
          "justifyContent": "flex-end",
          "marginRight": 60,
          "minHeight": 20,
        },
        undefined,
        null,
        null,
      ]
    }
  >
    <View
      accessibilityTraits="text"
      accessible={true}
      onResponderGrant={[Function]}
      onResponderMove={[Function]}
      onResponderRelease={[Function]}
      onResponderTerminate={[Function]}
      onResponderTerminationRequest={[Function]}
      onStartShouldSetResponder={[Function]}
    >
      <View
        style={
          Array [
            Object {
              "flexDirection": "row",
              "justifyContent": "flex-end",
            },
            undefined,
          ]
        }
      />
    </View>
  </View>
</View>
`;
